// Jest Snapshot v1, https://goo.gl/fbAQLP

exports[`Button Renders different button variants 1`] = `
<div
  data-testid="btns"
>
  <button
    class="btn btn-small btn-primary"
  >
    One
  </button>
  <button
    class="btn btn-medium btn-primary"
  >
    Two
  </button>
  <button
    class="btn btn-large btn-primary"
  >
    Three
  </button>
  <button
    class="btn btn-small btn-secondary"
  >
    One
  </button>
  <button
    class="btn btn-medium btn-secondary"
  >
    Two
  </button>
  <button
    class="btn btn-large btn-secondary"
  >
    Three
  </button>
</div>
`;
